time="2023-11-07T11:33:59+08:00" level=info msg="---------meta config list--------"
time="2023-11-07T11:33:59+08:00" level=info msg="games.skiing.minelbowangle : 80"
time="2023-11-07T11:33:59+08:00" level=info msg="games.skiing.jumpkneeangle : 50"
time="2023-11-07T11:33:59+08:00" level=info msg="rules.a.handhighthead : 0"
time="2023-11-07T11:33:59+08:00" level=info msg="rules.c.lefthandthanheadz : 0.2"
time="2023-11-07T11:33:59+08:00" level=info msg="games.skiing.tiltangle : 20"
time="2023-11-07T11:33:59+08:00" level=info msg="games.skiing.shoulderwidth : 0.2"
time="2023-11-07T11:33:59+08:00" level=info msg="rules.elbowbend.minangle : 80"
time="2023-11-07T11:33:59+08:00" level=info msg="rules.greet.handmovedistancexz : 0.15"
time="2023-11-07T11:33:59+08:00" level=info msg="rules.upslide.handmovedistancez : 0.03"
time="2023-11-07T11:33:59+08:00" level=info msg="rules.upslide.elbowangle : 110"
time="2023-11-07T11:33:59+08:00" level=info msg="rules.leftrightslide.handtoshoulderxz : 0.1"
time="2023-11-07T11:33:59+08:00" level=info msg="rules.elbowbend.maxangle : 130"
time="2023-11-07T11:33:59+08:00" level=info msg="license.port : 2244"
time="2023-11-07T11:33:59+08:00" level=info msg="source.cap : 10"
time="2023-11-07T11:33:59+08:00" level=info msg="games.skiing.maxelbowangle : 130"
time="2023-11-07T11:33:59+08:00" level=info msg="rules.downslide.handtohipz : 0.2"
time="2023-11-07T11:33:59+08:00" level=info msg="rules.leftrighttilt.shoulderwidth : 0.2"
time="2023-11-07T11:33:59+08:00" level=info msg="rules.b.leftandrightfeetxy : 0.2"
time="2023-11-07T11:33:59+08:00" level=info msg="rules.d.handandtiptoedistance : 0.4"
time="2023-11-07T11:33:59+08:00" level=info msg="record : true"
time="2023-11-07T11:33:59+08:00" level=info msg="rules.handscross.rightcalculate : 100"
time="2023-11-07T11:33:59+08:00" level=info msg="rules.leftrightslide.handmovedistancex : 0.1"
time="2023-11-07T11:33:59+08:00" level=info msg="rules.raiserighthand.handthanheadz : 0.1"
time="2023-11-07T11:33:59+08:00" level=info msg="rules.jump.kneeheight : 0.05"
time="2023-11-07T11:33:59+08:00" level=info msg="log.level : info"
time="2023-11-07T11:33:59+08:00" level=info msg="rules.a.feetthanhip : 0"
time="2023-11-07T11:33:59+08:00" level=info msg="rules.upslide.handtoshoulderz : 0.05"
time="2023-11-07T11:33:59+08:00" level=info msg="rules.d.headandhipdistancez : 0.3"
time="2023-11-07T11:33:59+08:00" level=info msg="rules.squat.kneeangle : 100"
time="2023-11-07T11:33:59+08:00" level=info msg="rules.b.righthandthanheadxyz : 0.3"
time="2023-11-07T11:33:59+08:00" level=info msg="rules.downslide.elbowangle : 20"
time="2023-11-07T11:33:59+08:00" level=info msg="rules.handscross.leftcalculate : 100"
time="2023-11-07T11:33:59+08:00" level=info msg="rules.greet.elbowangle : 100"
time="2023-11-07T11:33:59+08:00" level=info msg="rules.leftrighttilt.tiltangle : 20"
time="2023-11-07T11:33:59+08:00" level=info msg="rules.downslide.handmovedistancez : 0.2"
time="2023-11-07T11:33:59+08:00" level=info msg="rules.upslide.handmovedistancey : 0.02"
time="2023-11-07T11:33:59+08:00" level=info msg="rules.b.feetheight : 0.2"
time="2023-11-07T11:33:59+08:00" level=info msg="license.host : http://127.0.0.1"
time="2023-11-07T11:33:59+08:00" level=info msg="source.grpc.host : 0.0.0.0"
time="2023-11-07T11:33:59+08:00" level=info msg="source.grpc.port : 50051"
time="2023-11-07T11:33:59+08:00" level=info msg="rules.downslide.handmovedistancey : 0.15"
time="2023-11-07T11:33:59+08:00" level=info msg=----------------------------------
time="2023-11-07T11:33:59+08:00" level=error msg="get license status error: Get \"http://127.0.0.1:2244/x-api/v1/license_nodes/authenticate/licenses\": dial tcp 127.0.0.1:2244: connect: connection refused"
time="2023-11-07T11:36:49+08:00" level=info msg="---------meta config list--------"
time="2023-11-07T11:36:49+08:00" level=info msg="rules.d.handandtiptoedistance : 0.4"
time="2023-11-07T11:36:49+08:00" level=info msg="rules.b.righthandthanheadxyz : 0.3"
time="2023-11-07T11:36:49+08:00" level=info msg="license.host : http://127.0.0.1"
time="2023-11-07T11:36:49+08:00" level=info msg="rules.downslide.handmovedistancey : 0.15"
time="2023-11-07T11:36:49+08:00" level=info msg="rules.downslide.elbowangle : 20"
time="2023-11-07T11:36:49+08:00" level=info msg="rules.a.handhighthead : 0"
time="2023-11-07T11:36:49+08:00" level=info msg="license.port : 2244"
time="2023-11-07T11:36:49+08:00" level=info msg="rules.elbowbend.maxangle : 130"
time="2023-11-07T11:36:49+08:00" level=info msg="games.skiing.minelbowangle : 80"
time="2023-11-07T11:36:49+08:00" level=info msg="games.skiing.maxelbowangle : 130"
time="2023-11-07T11:36:49+08:00" level=info msg="rules.handscross.leftcalculate : 100"
time="2023-11-07T11:36:49+08:00" level=info msg="rules.handscross.rightcalculate : 100"
time="2023-11-07T11:36:49+08:00" level=info msg="rules.raiserighthand.handthanheadz : 0.1"
time="2023-11-07T11:36:49+08:00" level=info msg="rules.b.feetheight : 0.2"
time="2023-11-07T11:36:49+08:00" level=info msg="rules.leftrightslide.handtoshoulderxz : 0.1"
time="2023-11-07T11:36:49+08:00" level=info msg="source.grpc.port : 50051"
time="2023-11-07T11:36:49+08:00" level=info msg="rules.greet.elbowangle : 100"
time="2023-11-07T11:36:49+08:00" level=info msg="rules.upslide.elbowangle : 110"
time="2023-11-07T11:36:49+08:00" level=info msg="games.skiing.tiltangle : 20"
time="2023-11-07T11:36:49+08:00" level=info msg="rules.elbowbend.minangle : 80"
time="2023-11-07T11:36:49+08:00" level=info msg="rules.leftrighttilt.shoulderwidth : 0.2"
time="2023-11-07T11:36:49+08:00" level=info msg="rules.leftrightslide.handmovedistancex : 0.1"
time="2023-11-07T11:36:49+08:00" level=info msg="source.grpc.host : 0.0.0.0"
time="2023-11-07T11:36:49+08:00" level=info msg="rules.upslide.handmovedistancez : 0.03"
time="2023-11-07T11:36:49+08:00" level=info msg="rules.b.leftandrightfeetxy : 0.2"
time="2023-11-07T11:36:49+08:00" level=info msg="rules.downslide.handmovedistancez : 0.2"
time="2023-11-07T11:36:49+08:00" level=info msg="rules.upslide.handtoshoulderz : 0.05"
time="2023-11-07T11:36:49+08:00" level=info msg="rules.greet.handmovedistancexz : 0.15"
time="2023-11-07T11:36:49+08:00" level=info msg="games.skiing.jumpkneeangle : 50"
time="2023-11-07T11:36:49+08:00" level=info msg="rules.downslide.handtohipz : 0.2"
time="2023-11-07T11:36:49+08:00" level=info msg="rules.d.headandhipdistancez : 0.3"
time="2023-11-07T11:36:49+08:00" level=info msg="rules.upslide.handmovedistancey : 0.02"
time="2023-11-07T11:36:49+08:00" level=info msg="rules.squat.kneeangle : 100"
time="2023-11-07T11:36:49+08:00" level=info msg="games.skiing.shoulderwidth : 0.2"
time="2023-11-07T11:36:49+08:00" level=info msg="rules.jump.kneeheight : 0.05"
time="2023-11-07T11:36:49+08:00" level=info msg="rules.a.feetthanhip : 0"
time="2023-11-07T11:36:49+08:00" level=info msg="rules.leftrighttilt.tiltangle : 20"
time="2023-11-07T11:36:49+08:00" level=info msg="rules.c.lefthandthanheadz : 0.2"
time="2023-11-07T11:36:49+08:00" level=info msg="log.level : info"
time="2023-11-07T11:36:49+08:00" level=info msg="record : true"
time="2023-11-07T11:36:49+08:00" level=info msg="source.cap : 10"
time="2023-11-07T11:36:49+08:00" level=info msg=----------------------------------
time="2023-11-07T11:36:49+08:00" level=error msg="get license status error: Get \"http://127.0.0.1:2244/x-api/v1/license_nodes/authenticate/licenses\": dial tcp 127.0.0.1:2244: connect: connection refused"
time="2023-11-07T11:38:30+08:00" level=info msg="---------meta config list--------"
time="2023-11-07T11:38:30+08:00" level=info msg="rules.greet.handmovedistancexz : 0.15"
time="2023-11-07T11:38:30+08:00" level=info msg="rules.upslide.handtoshoulderz : 0.05"
time="2023-11-07T11:38:30+08:00" level=info msg="games.skiing.shoulderwidth : 0.2"
time="2023-11-07T11:38:30+08:00" level=info msg="rules.jump.kneeheight : 0.05"
time="2023-11-07T11:38:30+08:00" level=info msg="rules.b.leftandrightfeetxy : 0.2"
time="2023-11-07T11:38:30+08:00" level=info msg="rules.d.headandhipdistancez : 0.3"
time="2023-11-07T11:38:30+08:00" level=info msg="rules.elbowbend.maxangle : 130"
time="2023-11-07T11:38:30+08:00" level=info msg="rules.squat.kneeangle : 100"
time="2023-11-07T11:38:30+08:00" level=info msg="games.skiing.minelbowangle : 80"
time="2023-11-07T11:38:30+08:00" level=info msg="rules.downslide.handtohipz : 0.2"
time="2023-11-07T11:38:30+08:00" level=info msg="rules.greet.elbowangle : 100"
time="2023-11-07T11:38:30+08:00" level=info msg="license.port : 2244"
time="2023-11-07T11:38:30+08:00" level=info msg="source.cap : 10"
time="2023-11-07T11:38:30+08:00" level=info msg="games.skiing.maxelbowangle : 130"
time="2023-11-07T11:38:30+08:00" level=info msg="games.skiing.jumpkneeangle : 50"
time="2023-11-07T11:38:30+08:00" level=info msg="games.skiing.tiltangle : 20"
time="2023-11-07T11:38:30+08:00" level=info msg="source.grpc.port : 50051"
time="2023-11-07T11:38:30+08:00" level=info msg="rules.downslide.handmovedistancez : 0.2"
time="2023-11-07T11:38:30+08:00" level=info msg="rules.downslide.handmovedistancey : 0.15"
time="2023-11-07T11:38:30+08:00" level=info msg="rules.elbowbend.minangle : 80"
time="2023-11-07T11:38:30+08:00" level=info msg="license.host : http://127.0.0.1"
time="2023-11-07T11:38:30+08:00" level=info msg="rules.raiserighthand.handthanheadz : 0.1"
time="2023-11-07T11:38:30+08:00" level=info msg="rules.handscross.leftcalculate : 100"
time="2023-11-07T11:38:30+08:00" level=info msg="rules.leftrightslide.handtoshoulderxz : 0.1"
time="2023-11-07T11:38:30+08:00" level=info msg="rules.upslide.elbowangle : 110"
time="2023-11-07T11:38:30+08:00" level=info msg="rules.leftrighttilt.shoulderwidth : 0.2"
time="2023-11-07T11:38:30+08:00" level=info msg="rules.a.handhighthead : 0"
time="2023-11-07T11:38:30+08:00" level=info msg="rules.a.feetthanhip : 0"
time="2023-11-07T11:38:30+08:00" level=info msg="rules.leftrightslide.handmovedistancex : 0.1"
time="2023-11-07T11:38:30+08:00" level=info msg="rules.b.feetheight : 0.2"
time="2023-11-07T11:38:30+08:00" level=info msg="rules.d.handandtiptoedistance : 0.4"
time="2023-11-07T11:38:30+08:00" level=info msg="rules.handscross.rightcalculate : 100"
time="2023-11-07T11:38:30+08:00" level=info msg="rules.c.lefthandthanheadz : 0.2"
time="2023-11-07T11:38:30+08:00" level=info msg="rules.upslide.handmovedistancey : 0.02"
time="2023-11-07T11:38:30+08:00" level=info msg="rules.upslide.handmovedistancez : 0.03"
time="2023-11-07T11:38:30+08:00" level=info msg="log.level : info"
time="2023-11-07T11:38:30+08:00" level=info msg="record : true"
time="2023-11-07T11:38:30+08:00" level=info msg="source.grpc.host : 0.0.0.0"
time="2023-11-07T11:38:30+08:00" level=info msg="rules.b.righthandthanheadxyz : 0.3"
time="2023-11-07T11:38:30+08:00" level=info msg="rules.downslide.elbowangle : 20"
time="2023-11-07T11:38:30+08:00" level=info msg="rules.leftrighttilt.tiltangle : 20"
time="2023-11-07T11:38:30+08:00" level=info msg=----------------------------------
time="2023-11-07T11:38:30+08:00" level=error msg="get license status error: Get \"http://127.0.0.1:2244/x-api/v1/license_nodes/authenticate/licenses\": dial tcp 127.0.0.1:2244: connect: connection refused"
time="2023-11-07T11:38:49+08:00" level=error msg="ws read message error: websocket: close 1006 (abnormal closure): unexpected EOF"
time="2023-11-07T11:38:49+08:00" level=error msg="Failed to send message to WebSocket: write tcp 127.0.0.1:8000->127.0.0.1:64439: write: broken pipe"
time="2023-11-07T11:39:15+08:00" level=error msg="ws read message error: websocket: close 1006 (abnormal closure): unexpected EOF"
time="2023-11-07T11:39:15+08:00" level=error msg="Failed to send message to WebSocket: write tcp 127.0.0.1:8000->127.0.0.1:64679: write: broken pipe"
time="2023-11-07T11:42:13+08:00" level=error msg="ws read message error: websocket: close 1006 (abnormal closure): unexpected EOF"
time="2023-11-07T11:42:14+08:00" level=error msg="Failed to send message to WebSocket: write tcp 127.0.0.1:8000->127.0.0.1:49898: write: broken pipe"
time="2023-11-07T11:42:17+08:00" level=error msg="ws read message error: websocket: close 1006 (abnormal closure): unexpected EOF"
time="2023-11-07T11:42:17+08:00" level=error msg="Failed to send message to WebSocket: write tcp 127.0.0.1:8000->127.0.0.1:50055: write: broken pipe"
time="2023-11-07T11:42:37+08:00" level=error msg="ws read message error: websocket: close 1006 (abnormal closure): unexpected EOF"
time="2023-11-07T11:42:37+08:00" level=error msg="Failed to send message to WebSocket: write tcp 127.0.0.1:8000->127.0.0.1:50103: write: broken pipe"
time="2023-11-07T11:45:21+08:00" level=info msg="---------meta config list--------"
time="2023-11-07T11:45:21+08:00" level=info msg="rules.upslide.elbowangle : 110"
time="2023-11-07T11:45:21+08:00" level=info msg="rules.downslide.elbowangle : 20"
time="2023-11-07T11:45:21+08:00" level=info msg="rules.a.handhighthead : 0"
time="2023-11-07T11:45:21+08:00" level=info msg="rules.jump.kneeheight : 0.05"
time="2023-11-07T11:45:21+08:00" level=info msg="rules.d.handandtiptoedistance : 0.4"
time="2023-11-07T11:45:21+08:00" level=info msg="rules.leftrightslide.handtoshoulderxz : 0.1"
time="2023-11-07T11:45:21+08:00" level=info msg="rules.leftrighttilt.shoulderwidth : 0.2"
time="2023-11-07T11:45:21+08:00" level=info msg="rules.upslide.handmovedistancez : 0.03"
time="2023-11-07T11:45:21+08:00" level=info msg="rules.downslide.handmovedistancey : 0.15"
time="2023-11-07T11:45:21+08:00" level=info msg="rules.downslide.handmovedistancez : 0.2"
time="2023-11-07T11:45:21+08:00" level=info msg="rules.elbowbend.minangle : 80"
time="2023-11-07T11:45:21+08:00" level=info msg="rules.b.leftandrightfeetxy : 0.2"
time="2023-11-07T11:45:21+08:00" level=info msg="source.grpc.host : 0.0.0.0"
time="2023-11-07T11:45:21+08:00" level=info msg="games.skiing.tiltangle : 20"
time="2023-11-07T11:45:21+08:00" level=info msg="games.skiing.minelbowangle : 80"
time="2023-11-07T11:45:21+08:00" level=info msg="rules.greet.elbowangle : 100"
time="2023-11-07T11:45:21+08:00" level=info msg="rules.a.feetthanhip : 0"
time="2023-11-07T11:45:21+08:00" level=info msg="rules.d.headandhipdistancez : 0.3"
time="2023-11-07T11:45:21+08:00" level=info msg="license.host : http://127.0.0.1"
time="2023-11-07T11:45:21+08:00" level=info msg="games.skiing.jumpkneeangle : 50"
time="2023-11-07T11:45:21+08:00" level=info msg="rules.downslide.handtohipz : 0.2"
time="2023-11-07T11:45:21+08:00" level=info msg="rules.b.feetheight : 0.2"
time="2023-11-07T11:45:21+08:00" level=info msg="games.skiing.shoulderwidth : 0.2"
time="2023-11-07T11:45:21+08:00" level=info msg="rules.c.lefthandthanheadz : 0.2"
time="2023-11-07T11:45:21+08:00" level=info msg="rules.handscross.leftcalculate : 100"
time="2023-11-07T11:45:21+08:00" level=info msg="rules.b.righthandthanheadxyz : 0.3"
time="2023-11-07T11:45:21+08:00" level=info msg="record : true"
time="2023-11-07T11:45:21+08:00" level=info msg="source.cap : 10"
time="2023-11-07T11:45:21+08:00" level=info msg="rules.raiserighthand.handthanheadz : 0.1"
time="2023-11-07T11:45:21+08:00" level=info msg="log.level : info"
time="2023-11-07T11:45:21+08:00" level=info msg="games.skiing.maxelbowangle : 130"
time="2023-11-07T11:45:21+08:00" level=info msg="rules.upslide.handtoshoulderz : 0.05"
time="2023-11-07T11:45:21+08:00" level=info msg="rules.greet.handmovedistancexz : 0.15"
time="2023-11-07T11:45:21+08:00" level=info msg="rules.squat.kneeangle : 100"
time="2023-11-07T11:45:21+08:00" level=info msg="rules.handscross.rightcalculate : 100"
time="2023-11-07T11:45:21+08:00" level=info msg="rules.leftrighttilt.tiltangle : 20"
time="2023-11-07T11:45:21+08:00" level=info msg="license.port : 2244"
time="2023-11-07T11:45:21+08:00" level=info msg="source.grpc.port : 50051"
time="2023-11-07T11:45:21+08:00" level=info msg="rules.upslide.handmovedistancey : 0.02"
time="2023-11-07T11:45:21+08:00" level=info msg="rules.elbowbend.maxangle : 130"
time="2023-11-07T11:45:21+08:00" level=info msg="rules.leftrightslide.handmovedistancex : 0.1"
time="2023-11-07T11:45:21+08:00" level=info msg=----------------------------------
time="2023-11-07T11:45:21+08:00" level=error msg="get license status error: Get \"http://127.0.0.1:2244/x-api/v1/license_nodes/authenticate/licenses\": dial tcp 127.0.0.1:2244: connect: connection refused"
time="2023-11-07T11:45:39+08:00" level=error msg="ws read message error: websocket: close 1006 (abnormal closure): unexpected EOF"
time="2023-11-07T11:45:39+08:00" level=error msg="Failed to send message to WebSocket: write tcp 127.0.0.1:8000->127.0.0.1:51750: write: broken pipe"
time="2023-11-07T11:45:50+08:00" level=error msg="ws read message error: websocket: close 1006 (abnormal closure): unexpected EOF"
time="2023-11-07T11:45:50+08:00" level=error msg="Failed to send message to WebSocket: write tcp 127.0.0.1:8000->127.0.0.1:51959: write: broken pipe"
time="2023-11-07T11:46:01+08:00" level=error msg="ws read message error: websocket: close 1006 (abnormal closure): unexpected EOF"
time="2023-11-07T11:46:01+08:00" level=error msg="Failed to send message to WebSocket: write tcp 127.0.0.1:8000->127.0.0.1:52047: write: broken pipe"
time="2023-11-07T11:46:39+08:00" level=info msg="---------meta config list--------"
time="2023-11-07T11:46:39+08:00" level=info msg="rules.downslide.handtohipz : 0.2"
time="2023-11-07T11:46:39+08:00" level=info msg="rules.d.handandtiptoedistance : 0.4"
time="2023-11-07T11:46:39+08:00" level=info msg="log.level : info"
time="2023-11-07T11:46:39+08:00" level=info msg="games.skiing.tiltangle : 20"
time="2023-11-07T11:46:39+08:00" level=info msg="rules.elbowbend.maxangle : 130"
time="2023-11-07T11:46:39+08:00" level=info msg="record : true"
time="2023-11-07T11:46:39+08:00" level=info msg="rules.leftrighttilt.tiltangle : 20"
time="2023-11-07T11:46:39+08:00" level=info msg="rules.b.leftandrightfeetxy : 0.2"
time="2023-11-07T11:46:39+08:00" level=info msg="rules.b.righthandthanheadxyz : 0.3"
time="2023-11-07T11:46:39+08:00" level=info msg="rules.greet.elbowangle : 100"
time="2023-11-07T11:46:39+08:00" level=info msg="games.skiing.shoulderwidth : 0.2"
time="2023-11-07T11:46:39+08:00" level=info msg="rules.jump.kneeheight : 0.05"
time="2023-11-07T11:46:39+08:00" level=info msg="rules.upslide.handmovedistancey : 0.02"
time="2023-11-07T11:46:39+08:00" level=info msg="rules.squat.kneeangle : 100"
time="2023-11-07T11:46:39+08:00" level=info msg="rules.greet.handmovedistancexz : 0.15"
time="2023-11-07T11:46:39+08:00" level=info msg="rules.elbowbend.minangle : 80"
time="2023-11-07T11:46:39+08:00" level=info msg="rules.c.lefthandthanheadz : 0.2"
time="2023-11-07T11:46:39+08:00" level=info msg="rules.leftrightslide.handtoshoulderxz : 0.1"
time="2023-11-07T11:46:39+08:00" level=info msg="license.host : http://127.0.0.1"
time="2023-11-07T11:46:39+08:00" level=info msg="rules.downslide.handmovedistancey : 0.15"
time="2023-11-07T11:46:39+08:00" level=info msg="source.grpc.port : 50051"
time="2023-11-07T11:46:39+08:00" level=info msg="source.cap : 10"
time="2023-11-07T11:46:39+08:00" level=info msg="rules.downslide.elbowangle : 20"
time="2023-11-07T11:46:39+08:00" level=info msg="games.skiing.minelbowangle : 80"
time="2023-11-07T11:46:39+08:00" level=info msg="rules.handscross.rightcalculate : 100"
time="2023-11-07T11:46:39+08:00" level=info msg="rules.a.handhighthead : 0"
time="2023-11-07T11:46:39+08:00" level=info msg="rules.raiserighthand.handthanheadz : 0.1"
time="2023-11-07T11:46:39+08:00" level=info msg="rules.upslide.elbowangle : 110"
time="2023-11-07T11:46:39+08:00" level=info msg="rules.d.headandhipdistancez : 0.3"
time="2023-11-07T11:46:39+08:00" level=info msg="rules.leftrightslide.handmovedistancex : 0.1"
time="2023-11-07T11:46:39+08:00" level=info msg="license.port : 2244"
time="2023-11-07T11:46:39+08:00" level=info msg="source.grpc.host : 0.0.0.0"
time="2023-11-07T11:46:39+08:00" level=info msg="rules.downslide.handmovedistancez : 0.2"
time="2023-11-07T11:46:39+08:00" level=info msg="rules.b.feetheight : 0.2"
time="2023-11-07T11:46:39+08:00" level=info msg="rules.a.feetthanhip : 0"
time="2023-11-07T11:46:39+08:00" level=info msg="rules.upslide.handmovedistancez : 0.03"
time="2023-11-07T11:46:39+08:00" level=info msg="rules.upslide.handtoshoulderz : 0.05"
time="2023-11-07T11:46:39+08:00" level=info msg="rules.leftrighttilt.shoulderwidth : 0.2"
time="2023-11-07T11:46:39+08:00" level=info msg="games.skiing.maxelbowangle : 130"
time="2023-11-07T11:46:39+08:00" level=info msg="games.skiing.jumpkneeangle : 50"
time="2023-11-07T11:46:39+08:00" level=info msg="rules.handscross.leftcalculate : 100"
time="2023-11-07T11:46:39+08:00" level=info msg=----------------------------------
time="2023-11-07T11:46:39+08:00" level=error msg="get license status error: Get \"http://127.0.0.1:2244/x-api/v1/license_nodes/authenticate/licenses\": dial tcp 127.0.0.1:2244: connect: connection refused"
time="2023-11-07T11:46:50+08:00" level=info msg="---------meta config list--------"
time="2023-11-07T11:46:50+08:00" level=info msg="rules.upslide.handmovedistancey : 0.02"
time="2023-11-07T11:46:50+08:00" level=info msg="rules.leftrightslide.handmovedistancex : 0.1"
time="2023-11-07T11:46:50+08:00" level=info msg="rules.downslide.handtohipz : 0.2"
time="2023-11-07T11:46:50+08:00" level=info msg="rules.elbowbend.maxangle : 130"
time="2023-11-07T11:46:50+08:00" level=info msg="source.grpc.host : 0.0.0.0"
time="2023-11-07T11:46:50+08:00" level=info msg="games.skiing.maxelbowangle : 130"
time="2023-11-07T11:46:50+08:00" level=info msg="rules.b.leftandrightfeetxy : 0.2"
time="2023-11-07T11:46:50+08:00" level=info msg="games.skiing.tiltangle : 20"
time="2023-11-07T11:46:50+08:00" level=info msg="rules.d.headandhipdistancez : 0.3"
time="2023-11-07T11:46:50+08:00" level=info msg="rules.raiserighthand.handthanheadz : 0.1"
time="2023-11-07T11:46:50+08:00" level=info msg="rules.a.handhighthead : 0"
time="2023-11-07T11:46:50+08:00" level=info msg="log.level : info"
time="2023-11-07T11:46:50+08:00" level=info msg="games.skiing.jumpkneeangle : 50"
time="2023-11-07T11:46:50+08:00" level=info msg="rules.b.feetheight : 0.2"
time="2023-11-07T11:46:50+08:00" level=info msg="rules.leftrighttilt.tiltangle : 20"
time="2023-11-07T11:46:50+08:00" level=info msg="rules.downslide.handmovedistancez : 0.2"
time="2023-11-07T11:46:50+08:00" level=info msg="rules.leftrighttilt.shoulderwidth : 0.2"
time="2023-11-07T11:46:50+08:00" level=info msg="rules.downslide.handmovedistancey : 0.15"
time="2023-11-07T11:46:50+08:00" level=info msg="games.skiing.shoulderwidth : 0.2"
time="2023-11-07T11:46:50+08:00" level=info msg="rules.handscross.leftcalculate : 100"
time="2023-11-07T11:46:50+08:00" level=info msg="rules.upslide.elbowangle : 110"
time="2023-11-07T11:46:50+08:00" level=info msg="rules.upslide.handtoshoulderz : 0.05"
time="2023-11-07T11:46:50+08:00" level=info msg="rules.d.handandtiptoedistance : 0.4"
time="2023-11-07T11:46:50+08:00" level=info msg="rules.leftrightslide.handtoshoulderxz : 0.1"
time="2023-11-07T11:46:50+08:00" level=info msg="rules.c.lefthandthanheadz : 0.2"
time="2023-11-07T11:46:50+08:00" level=info msg="rules.b.righthandthanheadxyz : 0.3"
time="2023-11-07T11:46:50+08:00" level=info msg="rules.downslide.elbowangle : 20"
time="2023-11-07T11:46:50+08:00" level=info msg="rules.greet.handmovedistancexz : 0.15"
time="2023-11-07T11:46:50+08:00" level=info msg="rules.a.feetthanhip : 0"
time="2023-11-07T11:46:50+08:00" level=info msg="license.port : 2244"
time="2023-11-07T11:46:50+08:00" level=info msg="source.grpc.port : 50051"
time="2023-11-07T11:46:50+08:00" level=info msg="rules.handscross.rightcalculate : 100"
time="2023-11-07T11:46:50+08:00" level=info msg="rules.upslide.handmovedistancez : 0.03"
time="2023-11-07T11:46:50+08:00" level=info msg="rules.greet.elbowangle : 100"
time="2023-11-07T11:46:50+08:00" level=info msg="rules.elbowbend.minangle : 80"
time="2023-11-07T11:46:50+08:00" level=info msg="rules.squat.kneeangle : 100"
time="2023-11-07T11:46:50+08:00" level=info msg="games.skiing.minelbowangle : 80"
time="2023-11-07T11:46:50+08:00" level=info msg="rules.jump.kneeheight : 0.05"
time="2023-11-07T11:46:50+08:00" level=info msg="record : true"
time="2023-11-07T11:46:50+08:00" level=info msg="license.host : http://127.0.0.1"
time="2023-11-07T11:46:50+08:00" level=info msg="source.cap : 10"
time="2023-11-07T11:46:50+08:00" level=info msg=----------------------------------
time="2023-11-07T11:46:50+08:00" level=error msg="get license status error: Get \"http://127.0.0.1:2244/x-api/v1/license_nodes/authenticate/licenses\": dial tcp 127.0.0.1:2244: connect: connection refused"
time="2023-11-07T11:47:06+08:00" level=info msg="---------meta config list--------"
time="2023-11-07T11:47:06+08:00" level=info msg="rules.jump.kneeheight : 0.05"
time="2023-11-07T11:47:06+08:00" level=info msg="license.port : 2244"
time="2023-11-07T11:47:06+08:00" level=info msg="games.skiing.shoulderwidth : 0.2"
time="2023-11-07T11:47:06+08:00" level=info msg="rules.upslide.handmovedistancez : 0.03"
time="2023-11-07T11:47:06+08:00" level=info msg="rules.downslide.handtohipz : 0.2"
time="2023-11-07T11:47:06+08:00" level=info msg="rules.squat.kneeangle : 100"
time="2023-11-07T11:47:06+08:00" level=info msg="rules.handscross.rightcalculate : 100"
time="2023-11-07T11:47:06+08:00" level=info msg="rules.c.lefthandthanheadz : 0.2"
time="2023-11-07T11:47:06+08:00" level=info msg="games.skiing.jumpkneeangle : 50"
time="2023-11-07T11:47:06+08:00" level=info msg="source.cap : 10"
time="2023-11-07T11:47:06+08:00" level=info msg="source.grpc.host : 0.0.0.0"
time="2023-11-07T11:47:06+08:00" level=info msg="rules.a.feetthanhip : 0"
time="2023-11-07T11:47:06+08:00" level=info msg="rules.greet.handmovedistancexz : 0.15"
time="2023-11-07T11:47:06+08:00" level=info msg="rules.b.righthandthanheadxyz : 0.3"
time="2023-11-07T11:47:06+08:00" level=info msg="games.skiing.minelbowangle : 80"
time="2023-11-07T11:47:06+08:00" level=info msg="rules.upslide.handmovedistancey : 0.02"
time="2023-11-07T11:47:06+08:00" level=info msg="rules.elbowbend.minangle : 80"
time="2023-11-07T11:47:06+08:00" level=info msg="rules.downslide.handmovedistancez : 0.2"
time="2023-11-07T11:47:06+08:00" level=info msg="rules.raiserighthand.handthanheadz : 0.1"
time="2023-11-07T11:47:06+08:00" level=info msg="games.skiing.tiltangle : 20"
time="2023-11-07T11:47:06+08:00" level=info msg="rules.upslide.handtoshoulderz : 0.05"
time="2023-11-07T11:47:06+08:00" level=info msg="rules.elbowbend.maxangle : 130"
time="2023-11-07T11:47:06+08:00" level=info msg="rules.b.leftandrightfeetxy : 0.2"
time="2023-11-07T11:47:06+08:00" level=info msg="log.level : info"
time="2023-11-07T11:47:06+08:00" level=info msg="record : true"
time="2023-11-07T11:47:06+08:00" level=info msg="games.skiing.maxelbowangle : 130"
time="2023-11-07T11:47:06+08:00" level=info msg="rules.a.handhighthead : 0"
time="2023-11-07T11:47:06+08:00" level=info msg="rules.downslide.handmovedistancey : 0.15"
time="2023-11-07T11:47:06+08:00" level=info msg="rules.d.handandtiptoedistance : 0.4"
time="2023-11-07T11:47:06+08:00" level=info msg="rules.leftrighttilt.tiltangle : 20"
time="2023-11-07T11:47:06+08:00" level=info msg="rules.leftrighttilt.shoulderwidth : 0.2"
time="2023-11-07T11:47:06+08:00" level=info msg="rules.greet.elbowangle : 100"
time="2023-11-07T11:47:06+08:00" level=info msg="rules.handscross.leftcalculate : 100"
time="2023-11-07T11:47:06+08:00" level=info msg="rules.d.headandhipdistancez : 0.3"
time="2023-11-07T11:47:06+08:00" level=info msg="rules.leftrightslide.handmovedistancex : 0.1"
time="2023-11-07T11:47:06+08:00" level=info msg="source.grpc.port : 50051"
time="2023-11-07T11:47:06+08:00" level=info msg="rules.upslide.elbowangle : 110"
time="2023-11-07T11:47:06+08:00" level=info msg="rules.downslide.elbowangle : 20"
time="2023-11-07T11:47:06+08:00" level=info msg="rules.b.feetheight : 0.2"
time="2023-11-07T11:47:06+08:00" level=info msg="rules.leftrightslide.handtoshoulderxz : 0.1"
time="2023-11-07T11:47:06+08:00" level=info msg="license.host : http://127.0.0.1"
time="2023-11-07T11:47:06+08:00" level=info msg=----------------------------------
time="2023-11-07T11:47:06+08:00" level=error msg="get license status error: Get \"http://127.0.0.1:2244/x-api/v1/license_nodes/authenticate/licenses\": dial tcp 127.0.0.1:2244: connect: connection refused"
time="2023-11-07T11:47:57+08:00" level=info msg="---------meta config list--------"
time="2023-11-07T11:47:57+08:00" level=info msg="rules.upslide.elbowangle : 110"
time="2023-11-07T11:47:57+08:00" level=info msg="rules.elbowbend.maxangle : 130"
time="2023-11-07T11:47:57+08:00" level=info msg="rules.a.feetthanhip : 0"
time="2023-11-07T11:47:57+08:00" level=info msg="rules.d.handandtiptoedistance : 0.4"
time="2023-11-07T11:47:57+08:00" level=info msg="rules.d.headandhipdistancez : 0.3"
time="2023-11-07T11:47:57+08:00" level=info msg="rules.b.righthandthanheadxyz : 0.3"
time="2023-11-07T11:47:57+08:00" level=info msg="rules.c.lefthandthanheadz : 0.2"
time="2023-11-07T11:47:57+08:00" level=info msg="rules.a.handhighthead : 0"
time="2023-11-07T11:47:57+08:00" level=info msg="rules.jump.kneeheight : 0.05"
time="2023-11-07T11:47:57+08:00" level=info msg="rules.upslide.handmovedistancez : 0.03"
time="2023-11-07T11:47:57+08:00" level=info msg="rules.downslide.elbowangle : 20"
time="2023-11-07T11:47:57+08:00" level=info msg="rules.leftrightslide.handtoshoulderxz : 0.1"
time="2023-11-07T11:47:57+08:00" level=info msg="rules.upslide.handtoshoulderz : 0.05"
time="2023-11-07T11:47:57+08:00" level=info msg="rules.downslide.handmovedistancez : 0.2"
time="2023-11-07T11:47:57+08:00" level=info msg="rules.downslide.handtohipz : 0.2"
time="2023-11-07T11:47:57+08:00" level=info msg="rules.elbowbend.minangle : 80"
time="2023-11-07T11:47:57+08:00" level=info msg="log.level : info"
time="2023-11-07T11:47:57+08:00" level=info msg="license.port : 2244"
time="2023-11-07T11:47:57+08:00" level=info msg="games.skiing.tiltangle : 20"
time="2023-11-07T11:47:57+08:00" level=info msg="games.skiing.shoulderwidth : 0.2"
time="2023-11-07T11:47:57+08:00" level=info msg="rules.leftrightslide.handmovedistancex : 0.1"
time="2023-11-07T11:47:57+08:00" level=info msg="rules.leftrighttilt.tiltangle : 20"
time="2023-11-07T11:47:57+08:00" level=info msg="rules.b.feetheight : 0.2"
time="2023-11-07T11:47:57+08:00" level=info msg="rules.squat.kneeangle : 100"
time="2023-11-07T11:47:57+08:00" level=info msg="rules.raiserighthand.handthanheadz : 0.1"
time="2023-11-07T11:47:57+08:00" level=info msg="source.grpc.port : 50051"
time="2023-11-07T11:47:57+08:00" level=info msg="games.skiing.maxelbowangle : 130"
time="2023-11-07T11:47:57+08:00" level=info msg="rules.upslide.handmovedistancey : 0.02"
time="2023-11-07T11:47:57+08:00" level=info msg="rules.downslide.handmovedistancey : 0.15"
time="2023-11-07T11:47:57+08:00" level=info msg="rules.greet.elbowangle : 100"
time="2023-11-07T11:47:57+08:00" level=info msg="games.skiing.minelbowangle : 80"
time="2023-11-07T11:47:57+08:00" level=info msg="games.skiing.jumpkneeangle : 50"
time="2023-11-07T11:47:57+08:00" level=info msg="rules.handscross.leftcalculate : 100"
time="2023-11-07T11:47:57+08:00" level=info msg="rules.handscross.rightcalculate : 100"
time="2023-11-07T11:47:57+08:00" level=info msg="rules.greet.handmovedistancexz : 0.15"
time="2023-11-07T11:47:57+08:00" level=info msg="record : true"
time="2023-11-07T11:47:57+08:00" level=info msg="license.host : http://127.0.0.1"
time="2023-11-07T11:47:57+08:00" level=info msg="source.cap : 10"
time="2023-11-07T11:47:57+08:00" level=info msg="rules.b.leftandrightfeetxy : 0.2"
time="2023-11-07T11:47:57+08:00" level=info msg="source.grpc.host : 0.0.0.0"
time="2023-11-07T11:47:57+08:00" level=info msg="rules.leftrighttilt.shoulderwidth : 0.2"
time="2023-11-07T11:47:57+08:00" level=info msg=----------------------------------
time="2023-11-07T11:47:57+08:00" level=error msg="get license status error: Get \"http://127.0.0.1:2244/x-api/v1/license_nodes/authenticate/licenses\": dial tcp 127.0.0.1:2244: connect: connection refused"
time="2023-11-07T11:48:06+08:00" level=error msg="ws read message error: websocket: close 1006 (abnormal closure): unexpected EOF"
time="2023-11-07T11:48:06+08:00" level=error msg="Failed to send message to WebSocket: write tcp 127.0.0.1:8000->127.0.0.1:53192: write: broken pipe"
time="2023-11-07T11:48:29+08:00" level=error msg="ws read message error: websocket: close 1006 (abnormal closure): unexpected EOF"
time="2023-11-07T11:48:29+08:00" level=error msg="Failed to send message to WebSocket: write tcp 127.0.0.1:8000->127.0.0.1:53313: write: broken pipe"
time="2023-11-07T11:49:51+08:00" level=error msg="ws read message error: websocket: close 1006 (abnormal closure): unexpected EOF"
time="2023-11-07T11:49:51+08:00" level=error msg="Failed to send message to WebSocket: write tcp 127.0.0.1:8000->127.0.0.1:54103: write: broken pipe"
time="2023-11-07T11:51:21+08:00" level=error msg="ws read message error: websocket: close 1006 (abnormal closure): unexpected EOF"
time="2023-11-07T11:51:21+08:00" level=error msg="Failed to send message to WebSocket: write tcp 127.0.0.1:8000->127.0.0.1:54848: write: broken pipe"
time="2023-11-07T11:51:46+08:00" level=error msg="ws read message error: websocket: close 1006 (abnormal closure): unexpected EOF"
time="2023-11-07T11:51:46+08:00" level=error msg="Failed to send message to WebSocket: write tcp 127.0.0.1:8000->127.0.0.1:55155: write: broken pipe"
time="2023-11-07T11:52:18+08:00" level=error msg="ws read message error: websocket: close 1006 (abnormal closure): unexpected EOF"
time="2023-11-07T11:52:18+08:00" level=error msg="Failed to send message to WebSocket: write tcp 127.0.0.1:8000->127.0.0.1:55335: write: broken pipe"
time="2023-11-07T11:54:35+08:00" level=info msg="---------meta config list--------"
time="2023-11-07T11:54:35+08:00" level=info msg="rules.b.leftandrightfeetxy : 0.2"
time="2023-11-07T11:54:35+08:00" level=info msg="rules.a.feetthanhip : 0"
time="2023-11-07T11:54:35+08:00" level=info msg="rules.greet.elbowangle : 100"
time="2023-11-07T11:54:35+08:00" level=info msg="rules.greet.handmovedistancexz : 0.15"
time="2023-11-07T11:54:35+08:00" level=info msg="license.host : http://127.0.0.1"
time="2023-11-07T11:54:35+08:00" level=info msg="source.cap : 10"
time="2023-11-07T11:54:35+08:00" level=info msg="games.skiing.jumpkneeangle : 50"
time="2023-11-07T11:54:35+08:00" level=info msg="rules.downslide.handtohipz : 0.2"
time="2023-11-07T11:54:35+08:00" level=info msg="rules.elbowbend.maxangle : 130"
time="2023-11-07T11:54:35+08:00" level=info msg="rules.upslide.handmovedistancey : 0.02"
time="2023-11-07T11:54:35+08:00" level=info msg="games.skiing.shoulderwidth : 0.2"
time="2023-11-07T11:54:35+08:00" level=info msg="games.skiing.maxelbowangle : 130"
time="2023-11-07T11:54:35+08:00" level=info msg="rules.d.handandtiptoedistance : 0.4"
time="2023-11-07T11:54:35+08:00" level=info msg="rules.upslide.handmovedistancez : 0.03"
time="2023-11-07T11:54:35+08:00" level=info msg="rules.b.feetheight : 0.2"
time="2023-11-07T11:54:35+08:00" level=info msg="rules.leftrightslide.handtoshoulderxz : 0.1"
time="2023-11-07T11:54:35+08:00" level=info msg="rules.squat.kneeangle : 100"
time="2023-11-07T11:54:35+08:00" level=info msg="rules.c.lefthandthanheadz : 0.2"
time="2023-11-07T11:54:35+08:00" level=info msg="record : true"
time="2023-11-07T11:54:35+08:00" level=info msg="rules.downslide.elbowangle : 20"
time="2023-11-07T11:54:35+08:00" level=info msg="rules.handscross.leftcalculate : 100"
time="2023-11-07T11:54:35+08:00" level=info msg="rules.jump.kneeheight : 0.05"
time="2023-11-07T11:54:35+08:00" level=info msg="rules.upslide.handtoshoulderz : 0.05"
time="2023-11-07T11:54:35+08:00" level=info msg="log.level : info"
time="2023-11-07T11:54:35+08:00" level=info msg="source.grpc.host : 0.0.0.0"
time="2023-11-07T11:54:35+08:00" level=info msg="source.grpc.port : 50051"
time="2023-11-07T11:54:35+08:00" level=info msg="rules.b.righthandthanheadxyz : 0.3"
time="2023-11-07T11:54:35+08:00" level=info msg="rules.leftrightslide.handmovedistancex : 0.1"
time="2023-11-07T11:54:35+08:00" level=info msg="rules.leftrighttilt.tiltangle : 20"
time="2023-11-07T11:54:35+08:00" level=info msg="rules.a.handhighthead : 0"
time="2023-11-07T11:54:35+08:00" level=info msg="license.port : 2244"
time="2023-11-07T11:54:35+08:00" level=info msg="rules.d.headandhipdistancez : 0.3"
time="2023-11-07T11:54:35+08:00" level=info msg="rules.downslide.handmovedistancez : 0.2"
time="2023-11-07T11:54:35+08:00" level=info msg="rules.handscross.rightcalculate : 100"
time="2023-11-07T11:54:35+08:00" level=info msg="rules.leftrighttilt.shoulderwidth : 0.2"
time="2023-11-07T11:54:35+08:00" level=info msg="rules.elbowbend.minangle : 80"
time="2023-11-07T11:54:35+08:00" level=info msg="games.skiing.tiltangle : 20"
time="2023-11-07T11:54:35+08:00" level=info msg="games.skiing.minelbowangle : 80"
time="2023-11-07T11:54:35+08:00" level=info msg="rules.downslide.handmovedistancey : 0.15"
time="2023-11-07T11:54:35+08:00" level=info msg="rules.raiserighthand.handthanheadz : 0.1"
time="2023-11-07T11:54:35+08:00" level=info msg="rules.upslide.elbowangle : 110"
time="2023-11-07T11:54:35+08:00" level=info msg=----------------------------------
time="2023-11-07T11:54:35+08:00" level=error msg="get license status error: Get \"http://127.0.0.1:2244/x-api/v1/license_nodes/authenticate/licenses\": dial tcp 127.0.0.1:2244: connect: connection refused"
time="2023-11-07T11:54:51+08:00" level=error msg="ws read message error: websocket: close 1006 (abnormal closure): unexpected EOF"
time="2023-11-07T11:54:51+08:00" level=error msg="Failed to send message to WebSocket: write tcp 127.0.0.1:8000->127.0.0.1:56724: write: broken pipe"
time="2023-11-07T11:54:59+08:00" level=error msg="ws read message error: websocket: close 1006 (abnormal closure): unexpected EOF"
time="2023-11-07T11:54:59+08:00" level=error msg="Failed to send message to WebSocket: write tcp 127.0.0.1:8000->127.0.0.1:56826: write: broken pipe"
time="2023-11-07T11:55:28+08:00" level=error msg="ws read message error: websocket: close 1006 (abnormal closure): unexpected EOF"
time="2023-11-07T11:55:28+08:00" level=error msg="Failed to send message to WebSocket: write tcp 127.0.0.1:8000->127.0.0.1:56977: write: broken pipe"
time="2023-11-07T11:56:30+08:00" level=info msg="---------meta config list--------"
time="2023-11-07T11:56:30+08:00" level=info msg="rules.b.feetheight : 0.2"
time="2023-11-07T11:56:30+08:00" level=info msg="rules.upslide.handmovedistancez : 0.03"
time="2023-11-07T11:56:30+08:00" level=info msg="source.grpc.port : 50051"
time="2023-11-07T11:56:30+08:00" level=info msg="games.skiing.maxelbowangle : 130"
time="2023-11-07T11:56:30+08:00" level=info msg="rules.squat.kneeangle : 100"
time="2023-11-07T11:56:30+08:00" level=info msg="rules.handscross.rightcalculate : 100"
time="2023-11-07T11:56:30+08:00" level=info msg="rules.d.headandhipdistancez : 0.3"
time="2023-11-07T11:56:30+08:00" level=info msg="rules.a.handhighthead : 0"
time="2023-11-07T11:56:30+08:00" level=info msg="log.level : info"
time="2023-11-07T11:56:30+08:00" level=info msg="license.host : http://127.0.0.1"
time="2023-11-07T11:56:30+08:00" level=info msg="source.cap : 10"
time="2023-11-07T11:56:30+08:00" level=info msg="rules.leftrightslide.handmovedistancex : 0.1"
time="2023-11-07T11:56:30+08:00" level=info msg="rules.elbowbend.minangle : 80"
time="2023-11-07T11:56:30+08:00" level=info msg="rules.elbowbend.maxangle : 130"
time="2023-11-07T11:56:30+08:00" level=info msg="rules.a.feetthanhip : 0"
time="2023-11-07T11:56:30+08:00" level=info msg="rules.upslide.handtoshoulderz : 0.05"
time="2023-11-07T11:56:30+08:00" level=info msg="rules.greet.elbowangle : 100"
time="2023-11-07T11:56:30+08:00" level=info msg="rules.greet.handmovedistancexz : 0.15"
time="2023-11-07T11:56:30+08:00" level=info msg="source.grpc.host : 0.0.0.0"
time="2023-11-07T11:56:30+08:00" level=info msg="games.skiing.minelbowangle : 80"
time="2023-11-07T11:56:30+08:00" level=info msg="rules.handscross.leftcalculate : 100"
time="2023-11-07T11:56:30+08:00" level=info msg="rules.upslide.handmovedistancey : 0.02"
time="2023-11-07T11:56:30+08:00" level=info msg="rules.d.handandtiptoedistance : 0.4"
time="2023-11-07T11:56:30+08:00" level=info msg="games.skiing.tiltangle : 20"
time="2023-11-07T11:56:30+08:00" level=info msg="games.skiing.jumpkneeangle : 50"
time="2023-11-07T11:56:30+08:00" level=info msg="rules.downslide.handmovedistancey : 0.15"
time="2023-11-07T11:56:30+08:00" level=info msg="rules.downslide.handmovedistancez : 0.2"
time="2023-11-07T11:56:30+08:00" level=info msg="rules.downslide.handtohipz : 0.2"
time="2023-11-07T11:56:30+08:00" level=info msg="rules.raiserighthand.handthanheadz : 0.1"
time="2023-11-07T11:56:30+08:00" level=info msg="rules.b.leftandrightfeetxy : 0.2"
time="2023-11-07T11:56:30+08:00" level=info msg="rules.upslide.elbowangle : 110"
time="2023-11-07T11:56:30+08:00" level=info msg="record : true"
time="2023-11-07T11:56:30+08:00" level=info msg="license.port : 2244"
time="2023-11-07T11:56:30+08:00" level=info msg="rules.leftrightslide.handtoshoulderxz : 0.1"
time="2023-11-07T11:56:30+08:00" level=info msg="rules.downslide.elbowangle : 20"
time="2023-11-07T11:56:30+08:00" level=info msg="rules.leftrighttilt.tiltangle : 20"
time="2023-11-07T11:56:30+08:00" level=info msg="rules.leftrighttilt.shoulderwidth : 0.2"
time="2023-11-07T11:56:30+08:00" level=info msg="games.skiing.shoulderwidth : 0.2"
time="2023-11-07T11:56:30+08:00" level=info msg="rules.jump.kneeheight : 0.05"
time="2023-11-07T11:56:30+08:00" level=info msg="rules.c.lefthandthanheadz : 0.2"
time="2023-11-07T11:56:30+08:00" level=info msg="rules.b.righthandthanheadxyz : 0.3"
time="2023-11-07T11:56:30+08:00" level=info msg=----------------------------------
time="2023-11-07T11:56:30+08:00" level=error msg="get license status error: Get \"http://127.0.0.1:2244/x-api/v1/license_nodes/authenticate/licenses\": dial tcp 127.0.0.1:2244: connect: connection refused"
time="2023-11-07T11:58:38+08:00" level=info msg="---------meta config list--------"
time="2023-11-07T11:58:38+08:00" level=info msg="rules.c.lefthandthanheadz : 0.2"
time="2023-11-07T11:58:38+08:00" level=info msg="rules.d.handandtiptoedistance : 0.4"
time="2023-11-07T11:58:38+08:00" level=info msg="rules.greet.elbowangle : 100"
time="2023-11-07T11:58:38+08:00" level=info msg="rules.downslide.handmovedistancez : 0.2"
time="2023-11-07T11:58:38+08:00" level=info msg="rules.upslide.handmovedistancey : 0.02"
time="2023-11-07T11:58:38+08:00" level=info msg="games.skiing.jumpkneeangle : 50"
time="2023-11-07T11:58:38+08:00" level=info msg="rules.raiserighthand.handthanheadz : 0.1"
time="2023-11-07T11:58:38+08:00" level=info msg="rules.leftrightslide.handmovedistancex : 0.1"
time="2023-11-07T11:58:38+08:00" level=info msg="rules.upslide.handmovedistancez : 0.03"
time="2023-11-07T11:58:38+08:00" level=info msg="source.grpc.host : 0.0.0.0"
time="2023-11-07T11:58:38+08:00" level=info msg="games.skiing.minelbowangle : 80"
time="2023-11-07T11:58:38+08:00" level=info msg="games.skiing.maxelbowangle : 130"
time="2023-11-07T11:58:38+08:00" level=info msg="rules.elbowbend.minangle : 80"
time="2023-11-07T11:58:38+08:00" level=info msg="rules.elbowbend.maxangle : 130"
time="2023-11-07T11:58:38+08:00" level=info msg="license.host : http://127.0.0.1"
time="2023-11-07T11:58:38+08:00" level=info msg="rules.downslide.handtohipz : 0.2"
time="2023-11-07T11:58:38+08:00" level=info msg="rules.a.handhighthead : 0"
time="2023-11-07T11:58:38+08:00" level=info msg="rules.downslide.elbowangle : 20"
time="2023-11-07T11:58:38+08:00" level=info msg="rules.a.feetthanhip : 0"
time="2023-11-07T11:58:38+08:00" level=info msg="rules.d.headandhipdistancez : 0.3"
time="2023-11-07T11:58:38+08:00" level=info msg="source.cap : 10"
time="2023-11-07T11:58:38+08:00" level=info msg="rules.b.feetheight : 0.2"
time="2023-11-07T11:58:38+08:00" level=info msg="rules.downslide.handmovedistancey : 0.15"
time="2023-11-07T11:58:38+08:00" level=info msg="games.skiing.shoulderwidth : 0.2"
time="2023-11-07T11:58:38+08:00" level=info msg="rules.b.righthandthanheadxyz : 0.3"
time="2023-11-07T11:58:38+08:00" level=info msg="rules.jump.kneeheight : 0.05"
time="2023-11-07T11:58:38+08:00" level=info msg="rules.b.leftandrightfeetxy : 0.2"
time="2023-11-07T11:58:38+08:00" level=info msg="rules.handscross.rightcalculate : 100"
time="2023-11-07T11:58:38+08:00" level=info msg="rules.leftrighttilt.tiltangle : 20"
time="2023-11-07T11:58:38+08:00" level=info msg="rules.leftrighttilt.shoulderwidth : 0.2"
time="2023-11-07T11:58:38+08:00" level=info msg="rules.upslide.elbowangle : 110"
time="2023-11-07T11:58:38+08:00" level=info msg="rules.upslide.handtoshoulderz : 0.05"
time="2023-11-07T11:58:38+08:00" level=info msg="rules.handscross.leftcalculate : 100"
time="2023-11-07T11:58:38+08:00" level=info msg="log.level : info"
time="2023-11-07T11:58:38+08:00" level=info msg="record : true"
time="2023-11-07T11:58:38+08:00" level=info msg="rules.greet.handmovedistancexz : 0.15"
time="2023-11-07T11:58:38+08:00" level=info msg="rules.leftrightslide.handtoshoulderxz : 0.1"
time="2023-11-07T11:58:38+08:00" level=info msg="rules.squat.kneeangle : 100"
time="2023-11-07T11:58:38+08:00" level=info msg="license.port : 2244"
time="2023-11-07T11:58:38+08:00" level=info msg="source.grpc.port : 50051"
time="2023-11-07T11:58:38+08:00" level=info msg="games.skiing.tiltangle : 20"
time="2023-11-07T11:58:38+08:00" level=info msg=----------------------------------
time="2023-11-07T11:58:38+08:00" level=error msg="get license status error: Get \"http://127.0.0.1:2244/x-api/v1/license_nodes/authenticate/licenses\": dial tcp 127.0.0.1:2244: connect: connection refused"
time="2023-11-07T12:18:32+08:00" level=info msg="---------meta config list--------"
time="2023-11-07T12:18:32+08:00" level=info msg="rules.squat.kneeangle : 100"
time="2023-11-07T12:18:32+08:00" level=info msg="rules.d.headandhipdistancez : 0.3"
time="2023-11-07T12:18:32+08:00" level=info msg="rules.downslide.handmovedistancey : 0.15"
time="2023-11-07T12:18:32+08:00" level=info msg="source.cap : 10"
time="2023-11-07T12:18:32+08:00" level=info msg="games.skiing.shoulderwidth : 0.2"
time="2023-11-07T12:18:32+08:00" level=info msg="rules.handscross.leftcalculate : 100"
time="2023-11-07T12:18:32+08:00" level=info msg="rules.elbowbend.minangle : 80"
time="2023-11-07T12:18:32+08:00" level=info msg="rules.downslide.elbowangle : 20"
time="2023-11-07T12:18:32+08:00" level=info msg="rules.downslide.handtohipz : 0.2"
time="2023-11-07T12:18:32+08:00" level=info msg="rules.raiserighthand.handthanheadz : 0.1"
time="2023-11-07T12:18:32+08:00" level=info msg="log.level : info"
time="2023-11-07T12:18:32+08:00" level=info msg="games.skiing.maxelbowangle : 130"
time="2023-11-07T12:18:32+08:00" level=info msg="rules.b.righthandthanheadxyz : 0.3"
time="2023-11-07T12:18:32+08:00" level=info msg="rules.handscross.rightcalculate : 100"
time="2023-11-07T12:18:32+08:00" level=info msg="rules.upslide.handmovedistancez : 0.03"
time="2023-11-07T12:18:32+08:00" level=info msg="rules.upslide.elbowangle : 110"
time="2023-11-07T12:18:32+08:00" level=info msg="rules.leftrightslide.handmovedistancex : 0.1"
time="2023-11-07T12:18:32+08:00" level=info msg="rules.d.handandtiptoedistance : 0.4"
time="2023-11-07T12:18:32+08:00" level=info msg="rules.greet.handmovedistancexz : 0.15"
time="2023-11-07T12:18:32+08:00" level=info msg="games.skiing.minelbowangle : 80"
time="2023-11-07T12:18:32+08:00" level=info msg="games.skiing.jumpkneeangle : 50"
time="2023-11-07T12:18:32+08:00" level=info msg="rules.elbowbend.maxangle : 130"
time="2023-11-07T12:18:32+08:00" level=info msg="rules.b.leftandrightfeetxy : 0.2"
time="2023-11-07T12:18:32+08:00" level=info msg="rules.a.feetthanhip : 0"
time="2023-11-07T12:18:32+08:00" level=info msg="rules.jump.kneeheight : 0.05"
time="2023-11-07T12:18:32+08:00" level=info msg="rules.greet.elbowangle : 100"
time="2023-11-07T12:18:32+08:00" level=info msg="rules.c.lefthandthanheadz : 0.2"
time="2023-11-07T12:18:32+08:00" level=info msg="rules.b.feetheight : 0.2"
time="2023-11-07T12:18:32+08:00" level=info msg="rules.leftrighttilt.tiltangle : 20"
time="2023-11-07T12:18:32+08:00" level=info msg="rules.a.handhighthead : 0"
time="2023-11-07T12:18:32+08:00" level=info msg="rules.upslide.handtoshoulderz : 0.05"
time="2023-11-07T12:18:32+08:00" level=info msg="rules.upslide.handmovedistancey : 0.02"
time="2023-11-07T12:18:32+08:00" level=info msg="license.host : http://127.0.0.1"
time="2023-11-07T12:18:32+08:00" level=info msg="source.grpc.host : 0.0.0.0"
time="2023-11-07T12:18:32+08:00" level=info msg="rules.leftrightslide.handtoshoulderxz : 0.1"
time="2023-11-07T12:18:32+08:00" level=info msg="games.skiing.tiltangle : 20"
time="2023-11-07T12:18:32+08:00" level=info msg="rules.downslide.handmovedistancez : 0.2"
time="2023-11-07T12:18:32+08:00" level=info msg="record : true"
time="2023-11-07T12:18:32+08:00" level=info msg="license.port : 2244"
time="2023-11-07T12:18:32+08:00" level=info msg="source.grpc.port : 50051"
time="2023-11-07T12:18:32+08:00" level=info msg="rules.leftrighttilt.shoulderwidth : 0.2"
time="2023-11-07T12:18:32+08:00" level=info msg=----------------------------------
time="2023-11-07T12:18:32+08:00" level=error msg="get license status error: Get \"http://127.0.0.1:2244/x-api/v1/license_nodes/authenticate/licenses\": dial tcp 127.0.0.1:2244: connect: connection refused"
time="2023-11-07T12:18:42+08:00" level=error msg="ws read message error: websocket: close 1006 (abnormal closure): unexpected EOF"
time="2023-11-07T12:18:42+08:00" level=error msg="Failed to send message to WebSocket: write tcp 127.0.0.1:8000->127.0.0.1:52881: write: broken pipe"
time="2023-11-07T12:18:52+08:00" level=info msg="receive message: [{2001 0 0} {2002 0 0} {2004 0 0} {2003 0 0}]"
time="2023-11-07T12:18:55+08:00" level=error msg="ws read message error: websocket: close 1006 (abnormal closure): unexpected EOF"
time="2023-11-07T12:18:55+08:00" level=error msg="Failed to send message to WebSocket: write tcp 127.0.0.1:8000->127.0.0.1:53001: write: broken pipe"
time="2023-11-07T12:20:47+08:00" level=info msg="receive message: [{2001 0 0} {2002 0 0} {2004 0 0} {2003 0 0}]"
time="2023-11-07T12:20:56+08:00" level=error msg="ws read message error: websocket: close 1006 (abnormal closure): unexpected EOF"
time="2023-11-07T12:20:56+08:00" level=error msg="Failed to send message to WebSocket: write tcp 127.0.0.1:8000->127.0.0.1:53986: write: broken pipe"
